---
source: crates/rome_js_formatter/tests/spec_test.rs
assertion_line: 223
expression: sequence_expression.js

---
# Input
a,b

abcdefghijklkmnopqrstufwkdsf,
    abcdefghijklkmnopqrstufwkdsfddddddddddddddddddddddddddddddddddddddddddddddddddddddddddddddddddddddddddddddddddddddddddddddddddddddddddddddddddddddddddddddddddddddd;

abcdefghijklkmnopqrstufwkdsf,
    abcdefghijklkmnopqrstufwkdsf,
    abcdefghijklkmnopqrstufwkdsf,
    abcdefghijklkmnopqrstufwkdsf,
    abcdefghijklkmnopqrstufwkdsf,
    abcdefghijklkmnopqrstufwkdsf,
    abcdefghijklkmnopqrstufwkdsf,
    abcdefghijklkmnopqrstufwkdsf;

const f = (argument1, argument2, argument3) => (
    doSomethingWithArgument(argument1),
    doSomethingWithArgument(argument2),
    argument1
);
=============================
# Outputs
## Output 1
-----
Indent style: Tab
Line width: 80
Quote style: Double Quotes
-----
a, b;

abcdefghijklkmnopqrstufwkdsf,
	abcdefghijklkmnopqrstufwkdsfddddddddddddddddddddddddddddddddddddddddddddddddddddddddddddddddddddddddddddddddddddddddddddddddddddddddddddddddddddddddddddddddddddddd;

abcdefghijklkmnopqrstufwkdsf,
	abcdefghijklkmnopqrstufwkdsf,
	abcdefghijklkmnopqrstufwkdsf,
	abcdefghijklkmnopqrstufwkdsf,
	abcdefghijklkmnopqrstufwkdsf,
	abcdefghijklkmnopqrstufwkdsf,
	abcdefghijklkmnopqrstufwkdsf,
	abcdefghijklkmnopqrstufwkdsf;

const f = (argument1, argument2, argument3) => (
	doSomethingWithArgument(argument1),
		doSomethingWithArgument(argument2),
		argument1
);

